kernel\main.cpp
kernel\main1.cpp
kernel\main2.cpp
kernel\main3.cpp
kernel\kernel.h
kernel\list.h
kernel\list.cpp
kernel\listitem.h
kernel\listitem.cpp
kernel\document.h
kernel\document.cpp
kernel\node.h
kernel\node.cpp
kernel\noderend.cpp
kernel\noderend.h
kernel\range.h
kernel\ops.h
kernel\ops.cpp
kernel\undoop.h
kernel\undoop.cpp
kernel\ophist.h
kernel\ophist.cpp
kernel\dialogop.h
kernel\dialogop.cpp
kernel\groupops.h
kernel\groupops.cpp
kernel\zordops.h
kernel\zordops.cpp
kernel\selstate.h
kernel\selstate.cpp
kernel\dlgtypes.h
kernel\range.cpp
kernel\paper.h
kernel\paper.cpp
kernel\camtypes.h
kernel\camtypes.cpp
kernel\matrix.h
kernel\matrix.cpp
kernel\scunit.cpp
kernel\scunit.h
kernel\paths.h
kernel\paths.cpp
kernel\nodepath.cpp
kernel\nodepath.h
kernel\noderect.cpp
kernel\noderect.h
kernel\dumbnode.h
kernel\dumbnode.cpp
kernel\docview.h
kernel\docview.cpp
kernel\app.h
kernel\app.cpp
kernel\coord.h
kernel\coord.cpp
kernel\doccoord.h
kernel\doccoord.cpp
kernel\wrkcoord.h
kernel\wrkcoord.cpp
kernel\rgnlist.h
kernel\rgnlist.cpp
kernel\xmatrix.cpp
kernel\xmatrix.h
kernel\rect.ctt
kernel\rect.map
kernel\docrect.map
kernel\docrect.hdr
kernel\docrect.dec
kernel\docrect.def
kernel\wrkrect.map
kernel\region.h
kernel\region.cpp
kernel\tool.cpp
kernel\tool.h
kernel\menuitem.h
kernel\menuitem.cpp
kernel\nodeattr.h
kernel\nodeattr.cpp
kernel\lineattr.h
kernel\lineattr.cpp
kernel\rndrgn.h
kernel\rndrgn.cpp
kernel\rndctrl.h
kernel\rndctrl.cpp
kernel\opdesc.cpp
kernel\opdesc.h
kernel\module.h
kernel\module.cpp
kernel\modlist.h
kernel\modlist.cpp
kernel\toollist.h
kernel\toollist.cpp
kernel\userattr.h
kernel\userattr.cpp
kernel\webattr.h
kernel\webattr.cpp
kernel\hlinkdlg.h
kernel\hlinkdlg.cpp
kernel\filtimop.h
kernel\filtimop.cpp
kernel\filtimag.h
kernel\filtimag.cpp
kernel\fimagdlg.h
kernel\fimagdlg.cpp
kernel\filtirr.h
kernel\filtirr.cpp
kernel\htmlexp.h
kernel\htmlexp.cpp
kernel\overlist.h
kernel\overlist.cpp
kernel\overitem.h
kernel\overitem.cpp
kernel\binds.h
kernel\printing.h
kernel\printing.cpp
kernel\attr.h
kernel\attr.cpp
kernel\prefs.h
kernel\prefs.cpp
kernel\menuops.h
kernel\menuops.cpp
kernel\ccfile.h
kernel\ccfile.cpp
kernel\cmdctrl.h
kernel\cmdctrl.cpp
kernel\epscdef.cpp
kernel\epscdef.h
kernel\epsclist.cpp
kernel\epsclist.h
kernel\epsstack.h
kernel\epsstack.cpp
kernel\epssitem.h
kernel\epssitem.cpp
kernel\filters.h
kernel\filters.cpp
kernel\epsfiltr.h
kernel\epsfiltr.cpp
kernel\exceptio.cpp
kernel\exceptio.h
kernel\infobar.h
kernel\infobar.cpp
kernel\attrmgr.h
kernel\attrmgr.cpp
kernel\attrappl.h
kernel\attrappl.cpp
kernel\csrstack.cpp
kernel\csrstack.h
kernel\drawfltr.h
kernel\drawfltr.cpp
kernel\textfltr.h
kernel\textfltr.cpp
kernel\layerdlg.cpp
kernel\layerdlg.h
kernel\objreg.h
kernel\objreg.cpp
kernel\ndoptmz.cpp
kernel\ndoptmz.h
kernel\stack.h
kernel\stack.cpp
kernel\layermgr.cpp
kernel\layermgr.h
kernel\vectrndr.cpp
kernel\vectrndr.h
kernel\saveeps.cpp
kernel\saveeps.h
kernel\rndstack.cpp
kernel\rndstack.h
kernel\helpids.h
kernel\aboutdlg.cpp
kernel\aboutdlg.h
kernel\logname.h
kernel\grid.cpp
kernel\grid.h
kernel\tranform.h
kernel\tranform.cpp
kernel\trans2d.cpp
kernel\trans2d.h
kernel\selop.h
kernel\selop.cpp
kernel\transop.h
kernel\transop.cpp
kernel\pump.h
kernel\pump.cpp
kernel\opwiz.h
kernel\opwiz.cpp
kernel\bars.h
kernel\bars.cpp
kernel\msg.h
kernel\tooldlg.cpp
kernel\tooldlg.h
kernel\colclist.cpp
kernel\colcontx.cpp
kernel\colcontx.h
kernel\colmodel.h
kernel\colourix.cpp
kernel\colourix.h
kernel\doccolor.cpp
kernel\doccolor.h
kernel\stockcol.h
kernel\colcarry.h
kernel\quality.cpp
kernel\quality.h
kernel\group.cpp
kernel\group.h
kernel\npaper.cpp
kernel\npaper.h
kernel\nodedoc.cpp
kernel\nodedoc.h
kernel\chapter.cpp
kernel\chapter.h
kernel\layer.cpp
kernel\layer.h
kernel\page.cpp
kernel\page.h
kernel\spread.cpp
kernel\spread.h
kernel\ink.h
kernel\qualops.cpp
kernel\qualops.h
kernel\mkshapes.h
kernel\mkshapes.cpp
kernel\pathedit.h
kernel\pathedit.cpp
kernel\coldlog.cpp
kernel\coldlog.h
kernel\colormgr.cpp
kernel\colormgr.h
kernel\selall.cpp
kernel\selall.h
kernel\docmsgs.h
kernel\collist.cpp
kernel\collist.h
kernel\ordlist.cpp
kernel\ordlist.h
kernel\nodeshap.cpp
kernel\nodeshap.h
kernel\nodeelip.cpp
kernel\nodeelip.h
kernel\dbugtree.h
kernel\dbugtree.cpp
kernel\input.h
kernel\input.cpp
kernel\linwthop.h
kernel\linwthop.cpp
kernel\blobs.cpp
kernel\blobs.h
kernel\selmsg.h
kernel\colmsg.h
kernel\docvmsg.h
kernel\barmsg.h
kernel\hittest.cpp
kernel\gallery.h
kernel\gallery.cpp
kernel\exagal.h
kernel\exagal.cpp
kernel\colgal.h
kernel\colgal.cpp
kernel\units.h
kernel\units.cpp
kernel\unittype.h
kernel\insertnd.h
kernel\insertnd.cpp
kernel\cutop.cpp
kernel\cutop.h
kernel\gradtbl.h
kernel\gradtbl.cpp
kernel\fillattr.h
kernel\fillattr.cpp
kernel\coreleps.h
kernel\coreleps.cpp
kernel\aw_eps.h
kernel\aw_eps.cpp
kernel\ai_eps.h
kernel\ai_eps.cpp
kernel\ai5_eps.h
kernel\ai5_eps.cpp
kernel\ai_epsrr.h
kernel\ai_epsrr.cpp
kernel\cameleps.h
kernel\cameleps.cpp
kernel\basedoc.h
kernel\basedoc.cpp
kernel\clipint.h
kernel\clipint.cpp
kernel\cpyact.h
kernel\cpyact.cpp
kernel\layergal.h
kernel\layergal.cpp
kernel\doccomp.h
kernel\doccomp.cpp
kernel\sprdmsg.h
kernel\colcomp.h
kernel\colcomp.cpp
kernel\bitmap.h
kernel\bitmap.cpp
kernel\fillcomp.h
kernel\fillcomp.cpp
kernel\bitmpinf.h
kernel\release.h
kernel\release.cpp
kernel\pathtype.h
kernel\bitfilt.cpp
kernel\bitfilt.h
kernel\finfodlg.h
kernel\finfodlg.cpp
kernel\invalid.cpp
kernel\invalid.h
kernel\pathutil.h
kernel\pathutil.cpp
kernel\fillval.h
kernel\fillval.cpp
kernel\nodebmp.h
kernel\nodebmp.cpp
kernel\keymsg.h
kernel\hotkeys.h
kernel\hotkeys.cpp
kernel\opnudge.h
kernel\opnudge.cpp
kernel\opbreak.h
kernel\opbreak.cpp
kernel\fracfill.cpp
kernel\fracfill.h
kernel\snap.cpp
kernel\snap.h
kernel\snapops.cpp
kernel\snapops.h
kernel\penedit.h
kernel\penedit.cpp
kernel\aligndlg.h
kernel\aligndlg.cpp
kernel\bmpprefs.h
kernel\bmpprefs.cpp
kernel\renddlg.cpp
kernel\renddlg.h
kernel\appprefs.cpp
kernel\appprefs.h
kernel\bfxbase.cpp
kernel\bfxbase.h
kernel\bfxtest.cpp
kernel\bfxtest.h
kernel\bfxatom.cpp
kernel\bfxatom.h
kernel\bfxdlg.cpp
kernel\bfxdlg.h
kernel\bitmapfx.cpp
kernel\bitmapfx.h
kernel\kernel.mak
kernel\blobby.h
kernel\blobby.cpp
kernel\nodeblnd.h
kernel\nodeblnd.cpp
kernel\nodebldr.h
kernel\nodebldr.cpp
kernel\ndbldpth.h
kernel\ndbldpth.cpp
kernel\becomea.h
kernel\opgrad.cpp
kernel\opgrad.h
kernel\dynarray.cpp
kernel\dynarray.h
kernel\nodeset.cpp
kernel\nodeset.h
kernel\pathndge.cpp
kernel\pathndge.h
kernel\pathops.cpp
kernel\pathops.h
kernel\sgallery.cpp
kernel\sgallery.h
kernel\sgtree.cpp
kernel\sgtree.h
kernel\sgcolour.cpp
kernel\sgcolour.h
kernel\sgbase.cpp
kernel\sgbase.h
kernel\rnddlgs.cpp
kernel\rnddlgs.h
kernel\pathproc.h
kernel\pathproc.cpp
kernel\opsmooth.h
kernel\opsmooth.cpp
kernel\qualattr.h
kernel\blendatt.h
kernel\attrval.h
kernel\gblend.cpp
kernel\gblend.h
kernel\gwinding.cpp
kernel\gwinding.h
kernel\tracergn.cpp
kernel\tracergn.h
kernel\rsmooth.h
kernel\rsmooth.cpp
kernel\blends.ps
kernel\genprocs.ps
kernel\gradfill.ps
kernel\groups.ps
kernel\pathproc.ps
kernel\txtprocs.ps
kernel\basicim.ps
kernel\colorim.ps
kernel\ps.mak
kernel\impcol.h
kernel\impcol.cpp
kernel\nodershp.h
kernel\nodershp.cpp
kernel\statline.h
kernel\statline.cpp
kernel\archive.cpp
kernel\archive.h
kernel\native.cpp
kernel\native.h
kernel\tracedlg.h
kernel\tracedlg.cpp
kernel\shapeops.h
kernel\shapeops.cpp
kernel\optsedit.h
kernel\optsedit.cpp
kernel\optsmisc.h
kernel\optsmisc.cpp
kernel\optspage.h
kernel\optspage.cpp
kernel\optsunit.h
kernel\optsunit.cpp
kernel\optsview.h
kernel\optsview.cpp
kernel\pagesize.h
kernel\pagesize.cpp
kernel\nativeop.cpp
kernel\nativeop.h
kernel\filelist.cpp
kernel\filelist.h
kernel\optsmsgs.h
kernel\ezmodule.h
kernel\exports.txt
kernel\nodemold.h
kernel\nodemold.cpp
kernel\ndmldgrp.h
kernel\ndmldgrp.cpp
kernel\nodemldr.h
kernel\nodemldr.cpp
kernel\ndmldink.h
kernel\ndmldink.cpp
kernel\ndmldpth.h
kernel\ndmldpth.cpp
kernel\moldshap.h
kernel\moldshap.cpp
kernel\moldenv.h
kernel\moldenv.cpp
kernel\moldpers.h
kernel\moldpers.cpp
kernel\moldedit.h
kernel\moldedit.cpp
kernel\objchge.h
kernel\objchge.cpp
kernel\dragmsg.h
kernel\draginfo.h
kernel\draginfo.cpp
kernel\flags.h
kernel\gclip.cpp
kernel\gclip.h
kernel\gclip0.h
kernel\gclip0.cpp
kernel\gclip1.h
kernel\gclip1.cpp
kernel\gclip2.h
kernel\gclip2.cpp
kernel\gclips.h
kernel\combshps.h
kernel\combshps.cpp
kernel\tracectl.h
kernel\tracectl.cpp
kernel\nodetext.h
kernel\nodetext.cpp
kernel\nodetxtl.h
kernel\nodetxtl.cpp
kernel\nodetxts.h
kernel\nodetxts.cpp
kernel\fntcache.h
kernel\fntcache.cpp
kernel\gcache.h
kernel\gcache.cpp
kernel\prntview.h
kernel\prntview.cpp
kernel\scrnview.h
kernel\scrnview.cpp
kernel\optsscal.h
kernel\optsscal.cpp
kernel\optstune.h
kernel\optstune.cpp
kernel\optsundo.h
kernel\optsundo.cpp
kernel\sglayer.h
kernel\sglayer.cpp
kernel\sgbitmap.h
kernel\sgbitmap.cpp
kernel\bmplist.h
kernel\bmplist.cpp
kernel\fraclist.h
kernel\fraclist.cpp
kernel\view.h
kernel\view.cpp
kernel\sgline.h
kernel\sgline.cpp
kernel\sgscan.h
kernel\sgscan.cpp
kernel\sglib.h
kernel\sglib.cpp
kernel\sginit.cpp
kernel\sginit.h
kernel\sglcart.cpp
kernel\sglcart.h
kernel\sgdrag.cpp
kernel\sgdrag.h
kernel\optspntr.h
kernel\optspntr.cpp
kernel\coplfilr.h
kernel\coplfilr.cpp
kernel\contmenu.h
kernel\contmenu.cpp
kernel\txtattr.h
kernel\txtattr.cpp
kernel\optsprin.cpp
kernel\optsprin.h
kernel\rifffile.h
kernel\rifffile.cpp
kernel\cdrfiltr.h
kernel\cdrfiltr.cpp
kernel\cdrcol.h
kernel\cdrcol.cpp
kernel\cdrfill.cpp
kernel\cdroutl.cpp
kernel\cdrtext.cpp
kernel\sglfills.h
kernel\sglfills.cpp
kernel\thumbmsg.h
kernel\opsmpshp.h
kernel\opsmpshp.cpp
kernel\viewmenu.h
kernel\viewmenu.cpp
kernel\fillndge.h
kernel\fillndge.cpp
kernel\sgline2.h
kernel\sgline2.cpp
kernel\oppull.cpp
kernel\oppull.h
kernel\gmem.cpp
kernel\gmem.h
kernel\scanrr.cpp
kernel\scanrr.h
kernel\la_base.h
kernel\la_base.cpp
kernel\lattrops.h
kernel\lattrops.cpp
kernel\arrows.h
kernel\arrows.cpp
kernel\sgldrag.h
kernel\sgldrag.cpp
kernel\rrcaps.cpp
kernel\rrcaps.h
kernel\princomp.cpp
kernel\princomp.h
kernel\printctl.cpp
kernel\printctl.h
kernel\prnprefs.cpp
kernel\prnprefs.h
kernel\fontlist.cpp
kernel\fontlist.h
kernel\kerneldc.cpp
kernel\kerneldc.h
kernel\psrndrgn.h
kernel\psrndrgn.cpp
kernel\opdragbx.h
kernel\opdragbx.cpp
kernel\cliptype.h
kernel\ndtxtpth.cpp
kernel\ndtxtpth.h
kernel\setup.ps
kernel\printmsg.h
kernel\textacts.h
kernel\textacts.cpp
kernel\helpuser.h
kernel\zutil.h
kernel\zinflate.h
kernel\zinflate.cpp
kernel\zdeflate.h
kernel\zdeflate.cpp
kernel\zdftrees.cpp
kernel\ziftrees.cpp
kernel\zstream.h
kernel\zstream.cpp
kernel\freeeps.h
kernel\freeeps.cpp
kernel\sglbase.h
kernel\sglbase.cpp
kernel\sgscanf.h
kernel\sgscanf.cpp
kernel\rulers.h
kernel\rulers.cpp
kernel\usercord.h
kernel\usercord.cpp
kernel\userrect.map
kernel\userrect.hdr
kernel\userrect.dec
kernel\userrect.def
kernel\fontman.cpp
kernel\fontman.h
kernel\sgmenu.cpp
kernel\sgmenu.h
kernel\radio.cpp
kernel\radio.h
kernel\guides.cpp
kernel\guides.h
kernel\property.h
kernel\property.cpp
kernel\layerprp.h
kernel\layerprp.cpp
kernel\prpsgds.h
kernel\prpsgds.cpp
kernel\prpslyrs.h
kernel\prpslyrs.cpp
kernel\newcol.cpp
kernel\newcol.h
kernel\colmenu.cpp
kernel\colmenu.h
kernel\layermsg.h
kernel\optsgrid.h
kernel\optsgrid.cpp
kernel\appstate.h
kernel\opwhat.cpp
kernel\opwhat.h
kernel\impexpop.cpp
kernel\impexpop.h
kernel\toolmsg.h
kernel\comattrmsg.h
kernel\nativeps.h
kernel\nativeps.cpp
kernel\webfiltr.h
kernel\webfiltr.cpp
kernel\webparam.h
kernel\xarprefs.h
kernel\xarprefs.cpp
kernel\webprefs.h
kernel\webprefs.cpp
kernel\camfiltr.h
kernel\camfiltr.cpp
kernel\png.cpp
kernel\png.h
kernel\pngasmrd.h
kernel\pngconf.h
kernel\pngcrc32.cpp
kernel\pngerror.cpp
kernel\pngfuncs.cpp
kernel\pngfuncs.h
kernel\pngget.cpp
kernel\pngmem.cpp
kernel\pngprgrs.cpp
kernel\pngprgrs.h
kernel\pngread.cpp
kernel\pngrio.cpp
kernel\pngrtran.cpp
kernel\pngrutil.cpp
kernel\pngset.cpp
kernel\pngtrans.cpp
kernel\pngvcrd.cpp
kernel\pngwio.cpp
kernel\pngwrite.cpp
kernel\pngwtran.cpp
kernel\pngwutil.cpp
kernel\cxfile.h
kernel\cxfile.cpp
kernel\cxftags.h
kernel\cxfdefs.h
kernel\ccpanose.h
kernel\ccpanose.cpp
kernel\cxfrech.cpp
kernel\cxfrech.h
kernel\cxfrec.cpp
kernel\cxfrec.h
kernel\cxfrgshp.h
kernel\cxfrgshp.cpp
kernel\cxfellp.h
kernel\cxfellp.cpp
kernel\cxfrect.h
kernel\cxfrect.cpp
kernel\cxfpoly.h
kernel\cxfpoly.cpp
kernel\cxfnbmp.h
kernel\cxfnbmp.cpp
kernel\rechattr.h
kernel\rechattr.cpp
kernel\rechcol.h
kernel\rechcol.cpp
kernel\rechpath.h
kernel\rechrshp.h
kernel\rechrshp.cpp
kernel\rechellp.h
kernel\rechellp.cpp
kernel\rechrect.h
kernel\rechrect.cpp
kernel\rechbmpp.h
kernel\rechbmpp.cpp
kernel\rechsmth.h
kernel\rechsmth.cpp
kernel\fontcomp.h
kernel\fontcomp.cpp
kernel\colplate.h
kernel\colplate.cpp
kernel\debugdlg.cpp
kernel\debugdlg.h
kernel\gradtype.h
kernel\opimgset.cpp
kernel\opimgset.h
kernel\rechcomp.h
kernel\rechcomp.cpp
kernel\cxfcols.h
kernel\bmpcomp.h
kernel\bmpcomp.cpp
kernel\expbmp.h
kernel\expbmp.cpp
kernel\impbmp.h
kernel\impbmp.cpp
kernel\rechbmp.h
kernel\rechbmp.cpp
kernel\cxftree.cpp
kernel\cxftree.h
kernel\rechgrp.h
kernel\rechblnd.h
kernel\rechdoc.h
kernel\rechdoc.cpp
kernel\rechpoly.h
kernel\rechpoly.cpp
kernel\spotfunc.ps
kernel\bmpexdoc.cpp
kernel\bmpexdoc.h
kernel\makebmp.cpp
kernel\makebmp.h
kernel\cxfdash.h
kernel\cxfarrow.h
kernel\webop.h
kernel\webop.cpp
kernel\rechmld.h
kernel\cxftext.h
kernel\cxftext.cpp
kernel\rechtext.h
kernel\rechtext.cpp
kernel\infocomp.h
kernel\infocomp.cpp
kernel\unitcomp.h
kernel\unitcomp.cpp
kernel\rechunit.h
kernel\rechunit.cpp
kernel\rechinfo.h
kernel\rechinfo.cpp
kernel\cxfunits.h
kernel\viewcomp.h
kernel\viewcomp.cpp
kernel\rechview.h
kernel\prnmks.cpp
kernel\prnmks.h
kernel\isetattr.h
kernel\isetattr.cpp
kernel\prnmkcom.h
kernel\prnmkcom.cpp
kernel\expcol.h
kernel\expcol.cpp
kernel\cmxfiltr.h
kernel\cmxfiltr.cpp
kernel\cmxexdc.h
kernel\cmxexdc.cpp
kernel\cmxrendr.h
kernel\cmxrendr.cpp
kernel\cmxdcobj.cpp
kernel\cmxibits.h
kernel\cmxibits.cpp
kernel\cmxicmds.cpp
kernel\cmxidata.h
kernel\cmxifltr.h
kernel\cmxifltr.cpp
kernel\cmxirefs.cpp
kernel\cmxistut.h
kernel\cmxistut.cpp
kernel\jpeglib.h
kernel\jconfig.h
kernel\jmorecfg.h
kernel\jinclude.h
kernel\jerror.h
kernel\jpegint.h
kernel\jdhuff.h
kernel\jdct.h
kernel\jmemsys.h
kernel\jversion.h
kernel\jdmaster.cpp
kernel\jdinput.cpp
kernel\jdmainct.cpp
kernel\jdcoefct.cpp
kernel\jdpostct.cpp
kernel\jdmarker.cpp
kernel\jdhuff.cpp
kernel\jdphuff.cpp
kernel\jddctmgr.cpp
kernel\jidctint.cpp
kernel\jidctfst.cpp
kernel\jidctflt.cpp
kernel\jidctred.cpp
kernel\jdsample.cpp
kernel\jdcolor.cpp
kernel\jdmerge.cpp
kernel\jquant1.cpp
kernel\jquant2.cpp
kernel\jmemmgr.cpp
kernel\jutils.cpp
kernel\jmemnobs.cpp
kernel\jdapimin.cpp
kernel\jdapistd.cpp
kernel\jcomapi.cpp
kernel\jdtrans.cpp
kernel\jpgsrc.h
kernel\jpgsrc.cpp
kernel\jpgermgr.h
kernel\jpgermgr.cpp
kernel\jpgprgrs.h
kernel\jpgprgrs.cpp
kernel\imjpeg.h
kernel\imjpeg.cpp
kernel\impstr.h
kernel\impstr.cpp
kernel\rechprnt.h
kernel\rechprnt.cpp
kernel\taglists.h
kernel\tipsdlg.h
kernel\tipsdlg.cpp
kernel\ccafile.cpp
kernel\ccafile.h
kernel\cxfmap.h
kernel\cxfmap.cpp
kernel\cxflists.cpp
kernel\cxflists.h
kernel\vector.cpp
kernel\vector.h
Kernel\attrmap.cpp
Kernel\attrmap.h
Kernel\bitfopts.h
Kernel\bmpseq.cpp
Kernel\bmpseq.h
Kernel\bmpsrc.cpp
Kernel\bmpsrc.h
Kernel\ccbuffil.cpp
Kernel\ccbuffil.h
Kernel\cxftrans.cpp
Kernel\cxftrans.h
Kernel\slowjob.h
kernel\exprview.cpp
kernel\exprview.h
kernel\exjpeg.cpp
kernel\exjpeg.h
kernel\jpgdest.cpp
kernel\jpgdest.h
kernel\jcapimin.cpp
kernel\jcapistd.cpp
kernel\jcparam.cpp
kernel\jctrans.cpp
kernel\jcinit.cpp
kernel\jcmaster.cpp
kernel\jcmainct.cpp
kernel\jcprepct.cpp
kernel\jccoefct.cpp
kernel\jccolor.cpp
kernel\jcsample.cpp
kernel\jcdctmgr.cpp
kernel\jfdctint.cpp
kernel\jfdctfst.cpp
kernel\jfdctflt.cpp
kernel\jchuff.cpp
kernel\jcphuff.cpp
kernel\jcmarker.cpp
kernel\prvwflt.h
kernel\prvwflt.cpp
kernel\plugmngr.h
kernel\plugmngr.cpp
kernel\plugin.h
kernel\plugin.cpp
kernel\plugop.h
kernel\plugop.cpp
kernel\optsplug.h
kernel\optsplug.cpp
kernel\nodecont.cpp
kernel\nodecont.h
kernel\nodeshad.cpp
kernel\nodeshad.h
kernel\filtrmgr.h
kernel\filtrmgr.cpp
kernel\genlist.h
kernel\genstack.h
kernel\iterator.h
kernel\defalloc.h
kernel\pathpcs.h
kernel\pathpcs.cpp
kernel\pathtrap.h
kernel\pathtrap.cpp
kernel\valfunc.h
kernel\valfunc.cpp
kernel\pathstrk.h
kernel\pathstrk.cpp
kernel\ppstroke.h
kernel\ppstroke.cpp
kernel\strkattr.h
kernel\strkattr.cpp
kernel\nodeabmp.h
kernel\nodeabmp.cpp
kernel\gmould.h
kernel\gmould.cpp
kernel\genv.h
kernel\genv.cpp
kernel\noisebas.h
kernel\noisebas.cpp
kernel\noisef.h
kernel\noisef.cpp
kernel\noise1.h
kernel\noise1.cpp
kernel\vector3d.h
kernel\vector3d.cpp
kernel\macros.h
kernel\pressure.h
kernel\pressure.cpp
kernel\cache.h
kernel\cache.cpp
kernel\objcache.h
kernel\objcache.cpp
kernel\cachrand.h
kernel\cachrand.cpp
kernel\cachweak.cpp
kernel\cachweak.h
kernel\cachfifo.cpp
kernel\cachfifo.h
kernel\ppairbsh.cpp
kernel\ppairbsh.h
kernel\ppvecstr.cpp
kernel\ppvecstr.h
kernel\strkcomp.cpp
kernel\strkcomp.h
kernel\sgstroke.cpp
kernel\sgstroke.h
kernel\plugopun.h
kernel\plugopun.cpp
kernel\mkstroke.h
kernel\mkstroke.cpp
kernel\bfxmngr.h
kernel\bfxmngr.cpp
kernel\bfxitem.h
kernel\bfxitem.cpp
kernel\bfxop.h
kernel\bfxop.cpp
kernel\bfxopun.h
kernel\bfxopun.cpp
kernel\bfxdlg2.h
kernel\bfxdlg2.cpp
kernel\fillramp.h
kernel\fillramp.cpp
kernel\timespan.h
kernel\timespan.cpp
kernel\backgrnd.h
kernel\backgrnd.cpp
kernel\prevwdlg.h
kernel\prevwdlg.cpp
kernel\htmlfltr.h
kernel\htmlfltr.cpp
kernel\bmpsdlg.h
kernel\bmpsdlg.cpp
kernel\sgframe.h
kernel\sgframe.cpp
kernel\htmllist.h
kernel\htmllist.cpp
kernel\frameops.h
kernel\frameops.cpp
kernel\bmpexprw.cpp
kernel\bmpexprw.h
kernel\urlimp.cpp
kernel\urlimp.h
kernel\urldlg.cpp
kernel\urldlg.h
kernel\webaddr.cpp
kernel\webflags.h
kernel\aprps.h
kernel\APrps.cpp
kernel\bmapprev.cpp
kernel\bmapprev.h
kernel\optsinet.h
kernel\optsinet.cpp
kernel\inetop.h
kernel\inetop.cpp
kernel\stl.h
kernel\prvwmenu.h
kernel\prvwmenu.cpp
kernel\crthumb.cpp
kernel\crthumb.h
kernel\tmpltdlg.cpp
kernel\tmpltdlg.h
kernel\tmpltarg.cpp
kernel\tmpltarg.h
kernel\tmpltatr.cpp
kernel\tmpltatr.h
kernel\visiattr.h
kernel\attraggl.cpp
kernel\attraggl.h
kernel\gadget.cpp
kernel\gadget.h
kernel\uielem.cpp
kernel\uielem.h
kernel\opnode.cpp
kernel\opnode.h
kernel\styles.cpp
kernel\styles.h
kernel\namedlg.cpp
kernel\namedlg.h
kernel\ftfilter.cpp
kernel\ftfilter.h
kernel\cxftfile.cpp
kernel\cxftfile.h
kernel\ccbhfile.cpp
kernel\ccbhfile.h
kernel\fttyplis.h
kernel\exphint.cpp
kernel\exphint.h
kernel\cmxtree.cpp
kernel\cmxtree.h
kernel\rechshad.h
kernel\daveimp.h
kernel\daveimp.cpp
kernel\davedlg.h
kernel\davedlg.cpp
kernel\beveler.cpp
kernel\nodebev.cpp
kernel\nbevcont.cpp
kernel\bevtrap.cpp
kernel\bevfill.cpp
kernel\attrbev.h
kernel\attrbev.cpp
kernel\ppbevel.cpp
kernel\ppbevel.h
kernel\clamp.h
kernel\clamp.cpp
kernel\iprofile.h
kernel\biasgain.h
kernel\biasgain.cpp
kernel\biasdlg.h
kernel\biasdlg.cpp
kernel\biasgdgt.h
kernel\biasgdgt.cpp
kernel\nodecntr.h
kernel\nodecntr.cpp
kernel\ncntrcnt.h
kernel\ncntrcnt.cpp
kernel\barcreationdlg.cpp
kernel\barcreationdlg.h
kernel\swffiltr.h
kernel\swffiltr.cpp
kernel\swfrndr.h
kernel\swfrndr.cpp
kernel\swfexpdc.h
kernel\swfexpdc.cpp
kernel\nodecomp.h
kernel\nodecomp.cpp
kernel\palmenu.h
kernel\palmenu.cpp
kernel\opbarcreation.cpp
kernel\opbarcreation.h
kernel\ngcore.h
kernel\ngcore.cpp
kernel\ngdialog.h
kernel\ngdialog.cpp
kernel\ngdrag.h
kernel\ngdrag.cpp
kernel\ngitem.h
kernel\ngitem.cpp
kernel\ngiter.h
kernel\ngiter.cpp
kernel\ngprop.h
kernel\ngprop.cpp
kernel\ngscan.h
kernel\ngscan.cpp
kernel\ngsentry.h
kernel\ngsentry.cpp
kernel\ngsetop.h
kernel\ngsetop.cpp
kernel\slice.h
kernel\slice.cpp
kernel\extender.h
kernel\extender.cpp
kernel\slicehelper.h
kernel\slicehelper.cpp
kernel\OpDupBar.h
kernel\OpDupBar.cpp
kernel\swftext.h
kernel\swftext.cpp
kernel\ndbrshmk.h
kernel\ndbrshmk.cpp
kernel\ndbrshpt.h
kernel\ndbrshpt.cpp
kernel\nodebrsh.h
kernel\nodebrsh.cpp
kernel\swffont.h
kernel\swffont.cpp
kernel\swfshape.h
kernel\swfshape.cpp
kernel\swfbitmp.h
kernel\swfbitmp.cpp
kernel\extendsetsdlg.h
kernel\extendsetsdlg.cpp
kernel\swfplace.h
kernel\swfplace.cpp
kernel\swfbuttn.h
kernel\swfbuttn.cpp
kernel\swfsprit.h
kernel\swfsprit.cpp
kernel\fthrattr.h
kernel\fthrattr.cpp
kernel\opfeathr.h
kernel\opfeathr.cpp
kernel\linecomp.h
kernel\linecomp.cpp
kernel\linedef.h
kernel\linedef.cpp
kernel\brshattr.cpp
kernel\brshattr.h
kernel\brshcomp.cpp
kernel\brshcomp.h
kernel\sgbrush.h
kernel\sgbrush.cpp
kernel\ppbrush.h
kernel\ppbrush.cpp
kernel\brshdata.h
kernel\brshdata.cpp
kernel\loadbrsh.h
kernel\loadbrsh.cpp
kernel\ndclpcnt.h
kernel\ndclpcnt.cpp
kernel\nodeclip.h
kernel\nodeclip.cpp
kernel\blndhelp.cpp
kernel\blndhelp.h
kernel\brushdlg.cpp
kernel\brushdlg.h
kernel\brshgdgt.cpp
kernel\brshgdgt.h
kernel\bldbrdef.cpp
kernel\bldbrdef.h
kernel\blppbrsh.cpp
kernel\blppbrsh.h
kernel\ai8_eps.cpp
kernel\ai8_eps.h
kernel\ai_bmp.cpp
kernel\ai_bmp.h
kernel\ai_grad.cpp
kernel\ai_grad.h
kernel\ai_layer.cpp
kernel\ai_layer.h
kernel\brushop.cpp
kernel\brushop.h
kernel\brshbeca.cpp
kernel\brshbeca.h
kernel\brushref.h
kernel\brushref.cpp
kernel\cnamecol.cpp
kernel\cnamecol.h
kernel\clipattr.cpp
kernel\clipattr.h
kernel\brpress.cpp
kernel\brpress.h
kernel\CStroke.cpp
kernel\CStroke.h
kernel\samplist.cpp
kernel\samplist.h
kernel\offattr.cpp
kernel\offattr.h
kernel\gla.cpp
kernel\gla.h
kernel\glatable.h
kernel\brshname.cpp
kernel\brshname.h
kernel\bshadow.h
kernel\bshadow.cpp
kernel\control.h
kernel\control.cpp
kernel\pbecomea.h
kernel\pbecomea.cpp
kernel\bmpalctrl.h
kernel\bmpalctrl.cpp
kernel\bmpalint.h
kernel\bmpalint.cpp
kernel\xadraw.cpp
kernel\xadraw.h
kernel\xadrwold.cpp
kernel\xadrwold.h
kernel\sentryop.cpp
kernel\sentryop.h
kernel\xpeoptokens.h
kernel\editsel.cpp
kernel\editsel.h
kernel\BitmapCache.cpp
kernel\BitmapCache.h
kernel\BitmapCacheKey.cpp
kernel\BitmapCacheKey.h
kernel\CaptureManager.cpp
kernel\CaptureManager.h
kernel\nodepostpro.cpp
kernel\nodepostpro.h
kernel\nodeliveeffect.cpp
kernel\nodeliveeffect.h
kernel\xpfilter.cpp
kernel\xpfilter.h
kernel\xpfcaps.cpp
kernel\xpfcaps.h
kernel\xpfrgn.cpp
kernel\xpfrgn.h
